Resolving dependencies...
Downloading packages...
  meta 1.17.0 (1.18.1 available)
Got dependencies!
1 package has newer versions incompatible with dependency constraints.
Try `flutter pub outdated` for more information.
Launching lib\main.dart on Edge in debug mode...
Waiting for connection from debug service on Edge...            
D:\flutter\bin\flutter.bat : 
lib/modules/patient/home/chatbot_widget.dart:444:40: Error: Method 
invocation is not a constant expression.
At line:1 char:1
+ D:\flutter\bin\flutter.bat run -d edge > build_output.txt 2>&1
+ ~~~~~~~~~~~~~~~~~~~~~~~~~~~~~~~~~~~~~~~~~~~~~~~~~~~~~~~~~~~~~~
    + CategoryInfo          : NotSpecified: (lib/modules/pat...ant expressio 
   n.:String) [], RemoteException
    + FullyQualifiedErrorId : NativeCommandError
 
                Text(AppState.instance.translate('Online', 
'αñæαñ¿αñ▓αñ╛αñçαñ¿', 'αñæαñ¿αñ▓αñ╛αñçαñ¿'), style: const TextStyle(color: 
Colors.white, fontSize: 11)),
                                       ^^^^^^^^^
Waiting for connection from debug service on Edge...               14.8s
Failed to compile application.
